app/components/booking/ProductSearchInput.tsx(24,23): error TS2554: Expected 1 arguments, but got 0.
